Archive member included to satisfy reference by file (symbol)

D:/CubeIDE/STM32CubeIDE_1.16.1/STM32CubeIDE/plugins/com.st.stm32cube.ide.mcu.externaltools.gnu-tools-for-stm32.12.3.rel1.win32_1.0.200.202406191623/tools/bin/../lib/gcc/arm-none-eabi/12.3.1/../../../../arm-none-eabi/lib/thumb/v7e-m+fp/hard\libc_nano.a(libc_a-exit.o)
                              D:/CubeIDE/STM32CubeIDE_1.16.1/STM32CubeIDE/plugins/com.st.stm32cube.ide.mcu.externaltools.gnu-tools-for-stm32.12.3.rel1.win32_1.0.200.202406191623/tools/bin/../lib/gcc/arm-none-eabi/12.3.1/../../../../arm-none-eabi/lib/thumb/v7e-m+fp/hard/crt0.o (exit)
D:/CubeIDE/STM32CubeIDE_1.16.1/STM32CubeIDE/plugins/com.st.stm32cube.ide.mcu.externaltools.gnu-tools-for-stm32.12.3.rel1.win32_1.0.200.202406191623/tools/bin/../lib/gcc/arm-none-eabi/12.3.1/../../../../arm-none-eabi/lib/thumb/v7e-m+fp/hard\libc_nano.a(libc_a-itoa.o)
                              ./Core/Src/main.o (itoa)
D:/CubeIDE/STM32CubeIDE_1.16.1/STM32CubeIDE/plugins/com.st.stm32cube.ide.mcu.externaltools.gnu-tools-for-stm32.12.3.rel1.win32_1.0.200.202406191623/tools/bin/../lib/gcc/arm-none-eabi/12.3.1/../../../../arm-none-eabi/lib/thumb/v7e-m+fp/hard\libc_nano.a(libc_a-utoa.o)
                              D:/CubeIDE/STM32CubeIDE_1.16.1/STM32CubeIDE/plugins/com.st.stm32cube.ide.mcu.externaltools.gnu-tools-for-stm32.12.3.rel1.win32_1.0.200.202406191623/tools/bin/../lib/gcc/arm-none-eabi/12.3.1/../../../../arm-none-eabi/lib/thumb/v7e-m+fp/hard\libc_nano.a(libc_a-itoa.o) (__utoa)
D:/CubeIDE/STM32CubeIDE_1.16.1/STM32CubeIDE/plugins/com.st.stm32cube.ide.mcu.externaltools.gnu-tools-for-stm32.12.3.rel1.win32_1.0.200.202406191623/tools/bin/../lib/gcc/arm-none-eabi/12.3.1/../../../../arm-none-eabi/lib/thumb/v7e-m+fp/hard\libc_nano.a(libc_a-findfp.o)
                              D:/CubeIDE/STM32CubeIDE_1.16.1/STM32CubeIDE/plugins/com.st.stm32cube.ide.mcu.externaltools.gnu-tools-for-stm32.12.3.rel1.win32_1.0.200.202406191623/tools/bin/../lib/gcc/arm-none-eabi/12.3.1/../../../../arm-none-eabi/lib/thumb/v7e-m+fp/hard\libc_nano.a(libc_a-exit.o) (__stdio_exit_handler)
D:/CubeIDE/STM32CubeIDE_1.16.1/STM32CubeIDE/plugins/com.st.stm32cube.ide.mcu.externaltools.gnu-tools-for-stm32.12.3.rel1.win32_1.0.200.202406191623/tools/bin/../lib/gcc/arm-none-eabi/12.3.1/../../../../arm-none-eabi/lib/thumb/v7e-m+fp/hard\libc_nano.a(libc_a-fwalk.o)
                              D:/CubeIDE/STM32CubeIDE_1.16.1/STM32CubeIDE/plugins/com.st.stm32cube.ide.mcu.externaltools.gnu-tools-for-stm32.12.3.rel1.win32_1.0.200.202406191623/tools/bin/../lib/gcc/arm-none-eabi/12.3.1/../../../../arm-none-eabi/lib/thumb/v7e-m+fp/hard\libc_nano.a(libc_a-findfp.o) (_fwalk_sglue)
D:/CubeIDE/STM32CubeIDE_1.16.1/STM32CubeIDE/plugins/com.st.stm32cube.ide.mcu.externaltools.gnu-tools-for-stm32.12.3.rel1.win32_1.0.200.202406191623/tools/bin/../lib/gcc/arm-none-eabi/12.3.1/../../../../arm-none-eabi/lib/thumb/v7e-m+fp/hard\libc_nano.a(libc_a-stdio.o)
                              D:/CubeIDE/STM32CubeIDE_1.16.1/STM32CubeIDE/plugins/com.st.stm32cube.ide.mcu.externaltools.gnu-tools-for-stm32.12.3.rel1.win32_1.0.200.202406191623/tools/bin/../lib/gcc/arm-none-eabi/12.3.1/../../../../arm-none-eabi/lib/thumb/v7e-m+fp/hard\libc_nano.a(libc_a-findfp.o) (__sread)
D:/CubeIDE/STM32CubeIDE_1.16.1/STM32CubeIDE/plugins/com.st.stm32cube.ide.mcu.externaltools.gnu-tools-for-stm32.12.3.rel1.win32_1.0.200.202406191623/tools/bin/../lib/gcc/arm-none-eabi/12.3.1/../../../../arm-none-eabi/lib/thumb/v7e-m+fp/hard\libc_nano.a(libc_a-memset.o)
                              D:/CubeIDE/STM32CubeIDE_1.16.1/STM32CubeIDE/plugins/com.st.stm32cube.ide.mcu.externaltools.gnu-tools-for-stm32.12.3.rel1.win32_1.0.200.202406191623/tools/bin/../lib/gcc/arm-none-eabi/12.3.1/../../../../arm-none-eabi/lib/thumb/v7e-m+fp/hard/crt0.o (memset)
D:/CubeIDE/STM32CubeIDE_1.16.1/STM32CubeIDE/plugins/com.st.stm32cube.ide.mcu.externaltools.gnu-tools-for-stm32.12.3.rel1.win32_1.0.200.202406191623/tools/bin/../lib/gcc/arm-none-eabi/12.3.1/../../../../arm-none-eabi/lib/thumb/v7e-m+fp/hard\libc_nano.a(libc_a-closer.o)
                              D:/CubeIDE/STM32CubeIDE_1.16.1/STM32CubeIDE/plugins/com.st.stm32cube.ide.mcu.externaltools.gnu-tools-for-stm32.12.3.rel1.win32_1.0.200.202406191623/tools/bin/../lib/gcc/arm-none-eabi/12.3.1/../../../../arm-none-eabi/lib/thumb/v7e-m+fp/hard\libc_nano.a(libc_a-stdio.o) (_close_r)
D:/CubeIDE/STM32CubeIDE_1.16.1/STM32CubeIDE/plugins/com.st.stm32cube.ide.mcu.externaltools.gnu-tools-for-stm32.12.3.rel1.win32_1.0.200.202406191623/tools/bin/../lib/gcc/arm-none-eabi/12.3.1/../../../../arm-none-eabi/lib/thumb/v7e-m+fp/hard\libc_nano.a(libc_a-reent.o)
                              D:/CubeIDE/STM32CubeIDE_1.16.1/STM32CubeIDE/plugins/com.st.stm32cube.ide.mcu.externaltools.gnu-tools-for-stm32.12.3.rel1.win32_1.0.200.202406191623/tools/bin/../lib/gcc/arm-none-eabi/12.3.1/../../../../arm-none-eabi/lib/thumb/v7e-m+fp/hard\libc_nano.a(libc_a-closer.o) (errno)
[...]
Memory Configuration

Name             Origin             Length             Attributes
RAM              0x20000000         0x00020000         xrw
FLASH            0x08000000         0x00080000         xr
*default*        0x00000000         0xffffffff

Linker script and memory map

LOAD D:/CubeIDE/STM32CubeIDE_1.16.1/STM32CubeIDE/plugins/com.st.stm32cube.ide.mcu.externaltools.gnu-tools-for-stm32.12.3.rel1.win32_1.0.200.202406191623/tools/bin/../lib/gcc/arm-none-eabi/12.3.1/thumb/v7e-m+fp/hard/crti.o
LOAD D:/CubeIDE/STM32CubeIDE_1.16.1/STM32CubeIDE/plugins/com.st.stm32cube.ide.mcu.externaltools.gnu-tools-for-stm32.12.3.rel1.win32_1.0.200.202406191623/tools/bin/../lib/gcc/arm-none-eabi/12.3.1/thumb/v7e-m+fp/hard/crtbegin.o
LOAD D:/CubeIDE/STM32CubeIDE_1.16.1/STM32CubeIDE/plugins/com.st.stm32cube.ide.mcu.externaltools.gnu-tools-for-stm32.12.3.rel1.win32_1.0.200.202406191623/tools/bin/../lib/gcc/arm-none-eabi/12.3.1/../../../../arm-none-eabi/lib/thumb/v7e-m+fp/hard/crt0.o
LOAD ./Core/Src/gpio.o
LOAD ./Core/Src/i2c.o
LOAD ./Core/Src/main.o
LOAD ./Core/Src/stm32f4xx_hal_msp.o
LOAD ./Core/Src/stm32f4xx_it.o
LOAD ./Core/Src/syscalls.o
LOAD ./Core/Src/sysmem.o
LOAD ./Core/Src/system_stm32f4xx.o
LOAD ./Core/Src/tim.o
LOAD ./Core/Startup/startup_stm32f446retx.o
LOAD ./Drivers/STM32F4xx_HAL_Driver/Src/liquidcrystal_i2c.o
LOAD ./Drivers/STM32F4xx_HAL_Driver/Src/stm32f4xx_hal.o
LOAD ./Drivers/STM32F4xx_HAL_Driver/Src/stm32f4xx_hal_cortex.o
LOAD ./Drivers/STM32F4xx_HAL_Driver/Src/stm32f4xx_hal_dma.o
LOAD ./Drivers/STM32F4xx_HAL_Driver/Src/stm32f4xx_hal_dma_ex.o
LOAD ./Drivers/STM32F4xx_HAL_Driver/Src/stm32f4xx_hal_exti.o
LOAD ./Drivers/STM32F4xx_HAL_Driver/Src/stm32f4xx_hal_flash.o
LOAD ./Drivers/STM32F4xx_HAL_Driver/Src/stm32f4xx_hal_flash_ex.o
LOAD ./Drivers/STM32F4xx_HAL_Driver/Src/stm32f4xx_hal_flash_ramfunc.o
LOAD ./Drivers/STM32F4xx_HAL_Driver/Src/stm32f4xx_hal_gpio.o
LOAD ./Drivers/STM32F4xx_HAL_Driver/Src/stm32f4xx_hal_i2c.o
LOAD ./Drivers/STM32F4xx_HAL_Driver/Src/stm32f4xx_hal_i2c_ex.o
LOAD ./Drivers/STM32F4xx_HAL_Driver/Src/stm32f4xx_hal_pwr.o
LOAD ./Drivers/STM32F4xx_HAL_Driver/Src/stm32f4xx_hal_pwr_ex.o
LOAD ./Drivers/STM32F4xx_HAL_Driver/Src/stm32f4xx_hal_rcc.o
LOAD ./Drivers/STM32F4xx_HAL_Driver/Src/stm32f4xx_hal_rcc_ex.o
LOAD ./Drivers/STM32F4xx_HAL_Driver/Src/stm32f4xx_hal_tim.o
LOAD ./Drivers/STM32F4xx_HAL_Driver/Src/stm32f4xx_hal_tim_ex.o
START GROUP
LOAD D:/CubeIDE/STM32CubeIDE_1.16.1/STM32CubeIDE/plugins/com.st.stm32cube.ide.mcu.externaltools.gnu-tools-for-stm32.12.3.rel1.win32_1.0.200.202406191623/tools/bin/../lib/gcc/arm-none-eabi/12.3.1/../../../../arm-none-eabi/lib/thumb/v7e-m+fp/hard\libc_nano.a
LOAD D:/CubeIDE/STM32CubeIDE_1.16.1/STM32CubeIDE/plugins/com.st.stm32cube.ide.mcu.externaltools.gnu-tools-for-stm32.12.3.rel1.win32_1.0.200.202406191623/tools/bin/../lib/gcc/arm-none-eabi/12.3.1/../../../../arm-none-eabi/lib/thumb/v7e-m+fp/hard\libm.a
END GROUP
START GROUP
LOAD D:/CubeIDE/STM32CubeIDE_1.16.1/STM32CubeIDE/plugins/com.st.stm32cube.ide.mcu.externaltools.gnu-tools-for-stm32.12.3.rel1.win32_1.0.200.202406191623/tools/bin/../lib/gcc/arm-none-eabi/12.3.1/thumb/v7e-m+fp/hard\libgcc.a
LOAD D:/CubeIDE/STM32CubeIDE_1.16.1/STM32CubeIDE/plugins/com.st.stm32cube.ide.mcu.externaltools.gnu-tools-for-stm32.12.3.rel1.win32_1.0.200.202406191623/tools/bin/../lib/gcc/arm-none-eabi/12.3.1/../../../../arm-none-eabi/lib/thumb/v7e-m+fp/hard\libc_nano.a
END GROUP
START GROUP
LOAD D:/CubeIDE/STM32CubeIDE_1.16.1/STM32CubeIDE/plugins/com.st.stm32cube.ide.mcu.externaltools.gnu-tools-for-stm32.12.3.rel1.win32_1.0.200.202406191623/tools/bin/../lib/gcc/arm-none-eabi/12.3.1/thumb/v7e-m+fp/hard\libgcc.a
LOAD D:/CubeIDE/STM32CubeIDE_1.16.1/STM32CubeIDE/plugins/com.st.stm32cube.ide.mcu.externaltools.gnu-tools-for-stm32.12.3.rel1.win32_1.0.200.202406191623/tools/bin/../lib/gcc/arm-none-eabi/12.3.1/../../../../arm-none-eabi/lib/thumb/v7e-m+fp/hard\libc_nano.a
LOAD D:/CubeIDE/STM32CubeIDE_1.16.1/STM32CubeIDE/plugins/com.st.stm32cube.ide.mcu.externaltools.gnu-tools-for-stm32.12.3.rel1.win32_1.0.200.202406191623/tools/bin/../lib/gcc/arm-none-eabi/12.3.1/../../../../arm-none-eabi/lib/thumb/v7e-m+fp/hard\libnosys.a
END GROUP
START GROUP
LOAD D:/CubeIDE/STM32CubeIDE_1.16.1/STM32CubeIDE/plugins/com.st.stm32cube.ide.mcu.externaltools.gnu-tools-for-stm32.12.3.rel1.win32_1.0.200.202406191623/tools/bin/../lib/gcc/arm-none-eabi/12.3.1/thumb/v7e-m+fp/hard\libgcc.a
LOAD D:/CubeIDE/STM32CubeIDE_1.16.1/STM32CubeIDE/plugins/com.st.stm32cube.ide.mcu.externaltools.gnu-tools-for-stm32.12.3.rel1.win32_1.0.200.202406191623/tools/bin/../lib/gcc/arm-none-eabi/12.3.1/../../../../arm-none-eabi/lib/thumb/v7e-m+fp/hard\libc_nano.a
LOAD D:/CubeIDE/STM32CubeIDE_1.16.1/STM32CubeIDE/plugins/com.st.stm32cube.ide.mcu.externaltools.gnu-tools-for-stm32.12.3.rel1.win32_1.0.200.202406191623/tools/bin/../lib/gcc/arm-none-eabi/12.3.1/../../../../arm-none-eabi/lib/thumb/v7e-m+fp/hard\libnosys.a
END GROUP
LOAD D:/CubeIDE/STM32CubeIDE_1.16.1/STM32CubeIDE/plugins/com.st.stm32cube.ide.mcu.externaltools.gnu-tools-for-stm32.12.3.rel1.win32_1.0.200.202406191623/tools/bin/../lib/gcc/arm-none-eabi/12.3.1/thumb/v7e-m+fp/hard/crtend.o
LOAD D:/CubeIDE/STM32CubeIDE_1.16.1/STM32CubeIDE/plugins/com.st.stm32cube.ide.mcu.externaltools.gnu-tools-for-stm32.12.3.rel1.win32_1.0.200.202406191623/tools/bin/../lib/gcc/arm-none-eabi/12.3.1/thumb/v7e-m+fp/hard/crtn.o
                0x20020000                        _estack = (ORIGIN (RAM) + LENGTH (RAM))
                0x00000200                        _Min_Heap_Size = 0x200
                0x00000400                        _Min_Stack_Size = 0x400

.isr_vector     0x08000000      0x1c4
                0x08000000                        . = ALIGN (0x4)
 *(.isr_vector)
 .isr_vector    0x08000000      0x1c4 ./Core/Startup/startup_stm32f446retx.o
                0x08000000                g_pfnVectors
                0x080001c4                        . = ALIGN (0x4)

.text           0x080001c4     0x31ec
                0x080001c4                        . = ALIGN (0x4)
 *(.text)
 .text          0x080001c4       0x40 D:/CubeIDE/STM32CubeIDE_1.16.1/STM32CubeIDE/plugins/com.st.stm32cube.ide.mcu.externaltools.gnu-tools-for-stm32.12.3.rel1.win32_1.0.200.202406191623/tools/bin/../lib/gcc/arm-none-eabi/12.3.1/thumb/v7e-m+fp/hard/crtbegin.o
 .text          0x08000204       0x30 D:/CubeIDE/STM32CubeIDE_1.16.1/STM32CubeIDE/plugins/com.st.stm32cube.ide.mcu.externaltools.gnu-tools-for-stm32.12.3.rel1.win32_1.0.200.202406191623/tools/bin/../lib/gcc/arm-none-eabi/12.3.1/thumb/v7e-m+fp/hard\libgcc.a(_aeabi_uldivmod.o)
                0x08000204                __aeabi_uldivmod
 .text          0x08000234      0x2bc D:/CubeIDE/STM32CubeIDE_1.16.1/STM32CubeIDE/plugins/com.st.stm32cube.ide.mcu.externaltools.gnu-tools-for-stm32.12.3.rel1.win32_1.0.200.202406191623/tools/bin/../lib/gcc/arm-none-eabi/12.3.1/thumb/v7e-m+fp/hard\libgcc.a(_udivmoddi4.o)
                0x08000234                __udivmoddi4
 .text          0x080004f0        0x4 D:/CubeIDE/STM32CubeIDE_1.16.1/STM32CubeIDE/plugins/com.st.stm32cube.ide.mcu.externaltools.gnu-tools-for-stm32.12.3.rel1.win32_1.0.200.202406191623/tools/bin/../lib/gcc/arm-none-eabi/12.3.1/thumb/v7e-m+fp/hard\libgcc.a(_dvmd_tls.o)
                0x080004f0                __aeabi_idiv0
                0x080004f0                __aeabi_ldiv0
 *(.text*)
 .text.MX_GPIO_Init
                0x080004f4      0x104 ./Core/Src/gpio.o
                0x080004f4                MX_GPIO_Init
 .text.MX_I2C1_Init
                0x080005f8       0x5c ./Core/Src/i2c.o
                0x080005f8                MX_I2C1_Init
 .text.HAL_I2C_MspInit
                0x08000654       0x90 ./Core/Src/i2c.o
                0x08000654                HAL_I2C_MspInit
 .text.main     0x080006e4       0xac ./Core/Src/main.o
                0x080006e4                main
 .text.SystemClock_Config
                0x08000790       0xc0 ./Core/Src/main.o
                0x08000790                SystemClock_Config
 .text.HAL_TIM_PeriodElapsedCallback
                0x08000850       0xc4 ./Core/Src/main.o
                0x08000850                HAL_TIM_PeriodElapsedCallback
 .text.HAL_GPIO_EXTI_Callback
                0x08000914       0x68 ./Core/Src/main.o
                0x08000914                HAL_GPIO_EXTI_Callback
 .text.Error_Handler
                0x0800097c        0xc ./Core/Src/main.o
                0x0800097c                Error_Handler
 .text.HAL_MspInit
                0x08000988       0x50 ./Core/Src/stm32f4xx_hal_msp.o
                0x08000988                HAL_MspInit
 .text.NMI_Handler
                0x080009d8        0x8 ./Core/Src/stm32f4xx_it.o
                0x080009d8                NMI_Handler
 .text.HardFault_Handler
                0x080009e0        0x8 ./Core/Src/stm32f4xx_it.o
                0x080009e0                HardFault_Handler
 .text.MemManage_Handler
                0x080009e8        0x8 ./Core/Src/stm32f4xx_it.o
                0x080009e8                MemManage_Handler
 .text.BusFault_Handler
                0x080009f0        0x8 ./Core/Src/stm32f4xx_it.o
                0x080009f0                BusFault_Handler
 .text.UsageFault_Handler
                0x080009f8        0x8 ./Core/Src/stm32f4xx_it.o
                0x080009f8                UsageFault_Handler
 .text.SVC_Handler
                0x08000a00        0xe ./Core/Src/stm32f4xx_it.o
                0x08000a00                SVC_Handler
 .text.DebugMon_Handler
                0x08000a0e        0xe ./Core/Src/stm32f4xx_it.o
                0x08000a0e                DebugMon_Handler
 .text.PendSV_Handler
                0x08000a1c        0xe ./Core/Src/stm32f4xx_it.o
                0x08000a1c                PendSV_Handler
 .text.SysTick_Handler
                0x08000a2a        0xc ./Core/Src/stm32f4xx_it.o
                0x08000a2a                SysTick_Handler
 .text.EXTI9_5_IRQHandler
                0x08000a36       0x10 ./Core/Src/stm32f4xx_it.o
                0x08000a36                EXTI9_5_IRQHandler
 .text.EXTI15_10_IRQHandler
                0x08000a46       0x10 ./Core/Src/stm32f4xx_it.o
                0x08000a46                EXTI15_10_IRQHandler
 *fill*         0x08000a56        0x2 
 .text.TIM8_TRG_COM_TIM14_IRQHandler
                0x08000a58       0x14 ./Core/Src/stm32f4xx_it.o
                0x08000a58                TIM8_TRG_COM_TIM14_IRQHandler
 .text.TIM6_DAC_IRQHandler
                0x08000a6c       0x14 ./Core/Src/stm32f4xx_it.o
                0x08000a6c                TIM6_DAC_IRQHandler
 .text.TIM7_IRQHandler
                0x08000a80       0x14 ./Core/Src/stm32f4xx_it.o
                0x08000a80                TIM7_IRQHandler
 .text.SystemInit
                0x08000a94       0x24 ./Core/Src/system_stm32f4xx.o
                0x08000a94                SystemInit
 .text.MX_TIM6_Init
                0x08000ab8       0x6c ./Core/Src/tim.o
                0x08000ab8                MX_TIM6_Init
 .text.MX_TIM7_Init
                0x08000b24       0x6c ./Core/Src/tim.o
                0x08000b24                MX_TIM7_Init
 .text.MX_TIM14_Init
                0x08000b90       0x48 ./Core/Src/tim.o
                0x08000b90                MX_TIM14_Init
 .text.HAL_TIM_Base_MspInit
                0x08000bd8       0xc8 ./Core/Src/tim.o
                0x08000bd8                HAL_TIM_Base_MspInit
 .text.Reset_Handler
                0x08000ca0       0x50 ./Core/Startup/startup_stm32f446retx.o
                0x08000ca0                Reset_Handler
 .text.Default_Handler
                0x08000cf0        0x2 ./Core/Startup/startup_stm32f446retx.o
                0x08000cf0                RTC_Alarm_IRQHandler
                0x08000cf0                EXTI2_IRQHandler
                0x08000cf0                TIM8_CC_IRQHandler
                0x08000cf0                FMPI2C1_EV_IRQHandler
                0x08000cf0                SPI4_IRQHandler
                0x08000cf0                TIM1_CC_IRQHandler
                0x08000cf0                DMA2_Stream5_IRQHandler
                0x08000cf0                DMA1_Stream5_IRQHandler
                0x08000cf0                PVD_IRQHandler
                0x08000cf0                SDIO_IRQHandler
                0x08000cf0                TAMP_STAMP_IRQHandler
                0x08000cf0                CAN2_RX1_IRQHandler
                0x08000cf0                EXTI3_IRQHandler
                0x08000cf0                TIM1_UP_TIM10_IRQHandler
                0x08000cf0                TIM8_UP_TIM13_IRQHandler
                0x08000cf0                I2C3_ER_IRQHandler
                0x08000cf0                EXTI0_IRQHandler
                0x08000cf0                I2C2_EV_IRQHandler
                0x08000cf0                DMA1_Stream2_IRQHandler
                0x08000cf0                CAN1_RX0_IRQHandler
                0x08000cf0                FPU_IRQHandler
                0x08000cf0                OTG_HS_WKUP_IRQHandler
                0x08000cf0                CAN2_SCE_IRQHandler
                0x08000cf0                DMA2_Stream2_IRQHandler
                0x08000cf0                SPI1_IRQHandler
                0x08000cf0                TIM1_BRK_TIM9_IRQHandler
                0x08000cf0                DCMI_IRQHandler
                0x08000cf0                CAN2_RX0_IRQHandler
                0x08000cf0                DMA2_Stream3_IRQHandler
                0x08000cf0                SAI2_IRQHandler
                0x08000cf0                USART6_IRQHandler
                0x08000cf0                USART3_IRQHandler
                0x08000cf0                CAN1_RX1_IRQHandler
                0x08000cf0                UART5_IRQHandler
                0x08000cf0                DMA2_Stream0_IRQHandler
                0x08000cf0                TIM4_IRQHandler
                0x08000cf0                QUADSPI_IRQHandler
                0x08000cf0                I2C1_EV_IRQHandler
                0x08000cf0                DMA1_Stream6_IRQHandler
                0x08000cf0                DMA1_Stream1_IRQHandler
                0x08000cf0                UART4_IRQHandler
                0x08000cf0                TIM3_IRQHandler
                0x08000cf0                RCC_IRQHandler
                0x08000cf0                TIM8_BRK_TIM12_IRQHandler
                0x08000cf0                Default_Handler
                0x08000cf0                CEC_IRQHandler
                0x08000cf0                ADC_IRQHandler
                0x08000cf0                DMA1_Stream7_IRQHandler
                0x08000cf0                CAN2_TX_IRQHandler
                0x08000cf0                TIM5_IRQHandler
                0x08000cf0                DMA2_Stream7_IRQHandler
                0x08000cf0                I2C3_EV_IRQHandler
                0x08000cf0                RTC_WKUP_IRQHandler
                0x08000cf0                SPDIF_RX_IRQHandler
                0x08000cf0                SPI2_IRQHandler
                0x08000cf0                OTG_HS_EP1_IN_IRQHandler
                0x08000cf0                DMA1_Stream0_IRQHandler
                0x08000cf0                CAN1_TX_IRQHandler
                0x08000cf0                FMPI2C1_ER_IRQHandler
                0x08000cf0                EXTI4_IRQHandler
                0x08000cf0                OTG_HS_EP1_OUT_IRQHandler
                0x08000cf0                WWDG_IRQHandler
                0x08000cf0                TIM2_IRQHandler
                0x08000cf0                OTG_FS_WKUP_IRQHandler
                0x08000cf0                TIM1_TRG_COM_TIM11_IRQHandler
                0x08000cf0                OTG_HS_IRQHandler
                0x08000cf0                EXTI1_IRQHandler
                0x08000cf0                USART2_IRQHandler
                0x08000cf0                I2C2_ER_IRQHandler
                0x08000cf0                DMA2_Stream1_IRQHandler
                0x08000cf0                CAN1_SCE_IRQHandler
                0x08000cf0                FLASH_IRQHandler
                0x08000cf0                DMA2_Stream4_IRQHandler
                0x08000cf0                USART1_IRQHandler
                0x08000cf0                OTG_FS_IRQHandler
                0x08000cf0                SPI3_IRQHandler
                0x08000cf0                DMA1_Stream4_IRQHandler
                0x08000cf0                I2C1_ER_IRQHandler
                0x08000cf0                FMC_IRQHandler
                0x08000cf0                DMA2_Stream6_IRQHandler
                0x08000cf0                SAI1_IRQHandler
                0x08000cf0                DMA1_Stream3_IRQHandler
 *fill*         0x08000cf2        0x2 
 .text.HD44780_Init
                0x08000cf4      0x108 ./Drivers/STM32F4xx_HAL_Driver/Src/liquidcrystal_i2c.o
                0x08000cf4                HD44780_Init
 .text.HD44780_Clear
                0x08000dfc       0x16 ./Drivers/STM32F4xx_HAL_Driver/Src/liquidcrystal_i2c.o
                0x08000dfc                HD44780_Clear
 .text.HD44780_Home
                0x08000e12       0x16 ./Drivers/STM32F4xx_HAL_Driver/Src/liquidcrystal_i2c.o
                0x08000e12                HD44780_Home
 .text.HD44780_SetCursor
                0x08000e28       0x64 ./Drivers/STM32F4xx_HAL_Driver/Src/liquidcrystal_i2c.o
                0x08000e28                HD44780_SetCursor
 .text.HD44780_Display
                0x08000e8c       0x2c ./Drivers/STM32F4xx_HAL_Driver/Src/liquidcrystal_i2c.o
                0x08000e8c                HD44780_Display
 .text.HD44780_CreateSpecialChar
                0x08000eb8       0x52 ./Drivers/STM32F4xx_HAL_Driver/Src/liquidcrystal_i2c.o
                0x08000eb8                HD44780_CreateSpecialChar
 .text.HD44780_PrintStr
                0x08000f0a       0x2a ./Drivers/STM32F4xx_HAL_Driver/Src/liquidcrystal_i2c.o
                0x08000f0a                HD44780_PrintStr
 .text.SendCommand
                0x08000f34       0x1c ./Drivers/STM32F4xx_HAL_Driver/Src/liquidcrystal_i2c.o
 .text.SendChar
                0x08000f50       0x1c ./Drivers/STM32F4xx_HAL_Driver/Src/liquidcrystal_i2c.o
 .text.Send     0x08000f6c       0x42 ./Drivers/STM32F4xx_HAL_Driver/Src/liquidcrystal_i2c.o
 .text.Write4Bits
                0x08000fae       0x22 ./Drivers/STM32F4xx_HAL_Driver/Src/liquidcrystal_i2c.o
 .text.ExpanderWrite
                0x08000fd0       0x38 ./Drivers/STM32F4xx_HAL_Driver/Src/liquidcrystal_i2c.o
 .text.PulseEnable
                0x08001008       0x3a ./Drivers/STM32F4xx_HAL_Driver/Src/liquidcrystal_i2c.o
 *fill*         0x08001042        0x2 
 .text.DelayInit
                0x08001044       0x54 ./Drivers/STM32F4xx_HAL_Driver/Src/liquidcrystal_i2c.o
 .text.DelayUS  0x08001098       0x50 ./Drivers/STM32F4xx_HAL_Driver/Src/liquidcrystal_i2c.o
 .text.HAL_Init
                0x080010e8       0x44 ./Drivers/STM32F4xx_HAL_Driver/Src/stm32f4xx_hal.o
                0x080010e8                HAL_Init
 .text.HAL_InitTick
                0x0800112c       0x60 ./Drivers/STM32F4xx_HAL_Driver/Src/stm32f4xx_hal.o
                0x0800112c                HAL_InitTick
 .text.HAL_IncTick
                0x0800118c       0x28 ./Drivers/STM32F4xx_HAL_Driver/Src/stm32f4xx_hal.o
                0x0800118c                HAL_IncTick
 .text.HAL_GetTick
                0x080011b4       0x18 ./Drivers/STM32F4xx_HAL_Driver/Src/stm32f4xx_hal.o
                0x080011b4                HAL_GetTick
 .text.HAL_Delay
                0x080011cc       0x48 ./Drivers/STM32F4xx_HAL_Driver/Src/stm32f4xx_hal.o
                0x080011cc                HAL_Delay
 .text.__NVIC_SetPriorityGrouping
                0x08001214       0x48 ./Drivers/STM32F4xx_HAL_Driver/Src/stm32f4xx_hal_cortex.o
 .text.__NVIC_GetPriorityGrouping
                0x0800125c       0x1c ./Drivers/STM32F4xx_HAL_Driver/Src/stm32f4xx_hal_cortex.o
 .text.__NVIC_EnableIRQ
                0x08001278       0x3c ./Drivers/STM32F4xx_HAL_Driver/Src/stm32f4xx_hal_cortex.o
 .text.__NVIC_SetPriority
                0x080012b4       0x54 ./Drivers/STM32F4xx_HAL_Driver/Src/stm32f4xx_hal_cortex.o
 .text.NVIC_EncodePriority
                0x08001308       0x66 ./Drivers/STM32F4xx_HAL_Driver/Src/stm32f4xx_hal_cortex.o
 *fill*         0x0800136e        0x2 
 .text.SysTick_Config
                0x08001370       0x44 ./Drivers/STM32F4xx_HAL_Driver/Src/stm32f4xx_hal_cortex.o
 .text.HAL_NVIC_SetPriorityGrouping
                0x080013b4       0x16 ./Drivers/STM32F4xx_HAL_Driver/Src/stm32f4xx_hal_cortex.o
                0x080013b4                HAL_NVIC_SetPriorityGrouping
 .text.HAL_NVIC_SetPriority
                0x080013ca       0x38 ./Drivers/STM32F4xx_HAL_Driver/Src/stm32f4xx_hal_cortex.o
                0x080013ca                HAL_NVIC_SetPriority
 .text.HAL_NVIC_EnableIRQ
                0x08001402       0x1c ./Drivers/STM32F4xx_HAL_Driver/Src/stm32f4xx_hal_cortex.o
                0x08001402                HAL_NVIC_EnableIRQ
 .text.HAL_SYSTICK_Config
                0x0800141e       0x18 ./Drivers/STM32F4xx_HAL_Driver/Src/stm32f4xx_hal_cortex.o
                0x0800141e                HAL_SYSTICK_Config
 *fill*         0x08001436        0x2 
 .text.HAL_GPIO_Init
                0x08001438      0x328 ./Drivers/STM32F4xx_HAL_Driver/Src/stm32f4xx_hal_gpio.o
                0x08001438                HAL_GPIO_Init
 .text.HAL_GPIO_ReadPin
                0x08001760       0x30 ./Drivers/STM32F4xx_HAL_Driver/Src/stm32f4xx_hal_gpio.o
                0x08001760                HAL_GPIO_ReadPin
 .text.HAL_GPIO_WritePin
                0x08001790       0x32 ./Drivers/STM32F4xx_HAL_Driver/Src/stm32f4xx_hal_gpio.o
                0x08001790                HAL_GPIO_WritePin
 .text.HAL_GPIO_TogglePin
                0x080017c2       0x34 ./Drivers/STM32F4xx_HAL_Driver/Src/stm32f4xx_hal_gpio.o
                0x080017c2                HAL_GPIO_TogglePin
 *fill*         0x080017f6        0x2 
 .text.HAL_GPIO_EXTI_IRQHandler
                0x080017f8       0x30 ./Drivers/STM32F4xx_HAL_Driver/Src/stm32f4xx_hal_gpio.o
                0x080017f8                HAL_GPIO_EXTI_IRQHandler
 .text.HAL_I2C_Init
                0x08001828      0x288 ./Drivers/STM32F4xx_HAL_Driver/Src/stm32f4xx_hal_i2c.o
                0x08001828                HAL_I2C_Init
 .text.HAL_I2C_Master_Transmit
                0x08001ab0      0x1fc ./Drivers/STM32F4xx_HAL_Driver/Src/stm32f4xx_hal_i2c.o
                0x08001ab0                HAL_I2C_Master_Transmit
 .text.I2C_MasterRequestWrite
                0x08001cac      0x104 ./Drivers/STM32F4xx_HAL_Driver/Src/stm32f4xx_hal_i2c.o
 .text.I2C_WaitOnFlagUntilTimeout
                0x08001db0       0xf4 ./Drivers/STM32F4xx_HAL_Driver/Src/stm32f4xx_hal_i2c.o
 .text.I2C_WaitOnMasterAddressFlagUntilTimeout
                0x08001ea4      0x140 ./Drivers/STM32F4xx_HAL_Driver/Src/stm32f4xx_hal_i2c.o
 .text.I2C_WaitOnTXEFlagUntilTimeout
                0x08001fe4       0x90 ./Drivers/STM32F4xx_HAL_Driver/Src/stm32f4xx_hal_i2c.o
 .text.I2C_WaitOnBTFFlagUntilTimeout
                0x08002074       0x90 ./Drivers/STM32F4xx_HAL_Driver/Src/stm32f4xx_hal_i2c.o
 .text.I2C_IsAcknowledgeFailed
                0x08002104       0x5e ./Drivers/STM32F4xx_HAL_Driver/Src/stm32f4xx_hal_i2c.o
 *fill*         0x08002162        0x2 
 .text.HAL_RCC_ClockConfig
                0x08002164      0x1cc ./Drivers/STM32F4xx_HAL_Driver/Src/stm32f4xx_hal_rcc.o
                0x08002164                HAL_RCC_ClockConfig
 .text.HAL_RCC_GetHCLKFreq
                0x08002330       0x18 ./Drivers/STM32F4xx_HAL_Driver/Src/stm32f4xx_hal_rcc.o
                0x08002330                HAL_RCC_GetHCLKFreq
 .text.HAL_RCC_GetPCLK1Freq
                0x08002348       0x28 ./Drivers/STM32F4xx_HAL_Driver/Src/stm32f4xx_hal_rcc.o
                0x08002348                HAL_RCC_GetPCLK1Freq
 .text.HAL_RCC_GetSysClockFreq
                0x08002370      0x354 ./Drivers/STM32F4xx_HAL_Driver/Src/stm32f4xx_hal_rcc_ex.o
                0x08002370                HAL_RCC_GetSysClockFreq
 .text.HAL_RCC_OscConfig
                0x080026c4      0x53c ./Drivers/STM32F4xx_HAL_Driver/Src/stm32f4xx_hal_rcc_ex.o
                0x080026c4                HAL_RCC_OscConfig
 .text.HAL_TIM_Base_Init
                0x08002c00       0x9e ./Drivers/STM32F4xx_HAL_Driver/Src/stm32f4xx_hal_tim.o
                0x08002c00                HAL_TIM_Base_Init
 *fill*         0x08002c9e        0x2 
 .text.HAL_TIM_Base_Start_IT
                0x08002ca0       0xe0 ./Drivers/STM32F4xx_HAL_Driver/Src/stm32f4xx_hal_tim.o
                0x08002ca0                HAL_TIM_Base_Start_IT
 .text.HAL_TIM_Base_Stop_IT
                0x08002d80       0x5e ./Drivers/STM32F4xx_HAL_Driver/Src/stm32f4xx_hal_tim.o
                0x08002d80                HAL_TIM_Base_Stop_IT
 .text.HAL_TIM_IRQHandler
                0x08002dde      0x1e0 ./Drivers/STM32F4xx_HAL_Driver/Src/stm32f4xx_hal_tim.o
                0x08002dde                HAL_TIM_IRQHandler
 .text.HAL_TIM_OC_DelayElapsedCallback
                0x08002fbe       0x14 ./Drivers/STM32F4xx_HAL_Driver/Src/stm32f4xx_hal_tim.o
                0x08002fbe                HAL_TIM_OC_DelayElapsedCallback
 .text.HAL_TIM_IC_CaptureCallback
                0x08002fd2       0x14 ./Drivers/STM32F4xx_HAL_Driver/Src/stm32f4xx_hal_tim.o
                0x08002fd2                HAL_TIM_IC_CaptureCallback
 .text.HAL_TIM_PWM_PulseFinishedCallback
                0x08002fe6       0x14 ./Drivers/STM32F4xx_HAL_Driver/Src/stm32f4xx_hal_tim.o
                0x08002fe6                HAL_TIM_PWM_PulseFinishedCallback
 .text.HAL_TIM_TriggerCallback
                0x08002ffa       0x14 ./Drivers/STM32F4xx_HAL_Driver/Src/stm32f4xx_hal_tim.o
                0x08002ffa                HAL_TIM_TriggerCallback
 *fill*         0x0800300e        0x2 
 .text.TIM_Base_SetConfig
                0x08003010      0x158 ./Drivers/STM32F4xx_HAL_Driver/Src/stm32f4xx_hal_tim.o
                0x08003010                TIM_Base_SetConfig
 .text.HAL_TIMEx_MasterConfigSynchronization
                0x08003168       0xf8 ./Drivers/STM32F4xx_HAL_Driver/Src/stm32f4xx_hal_tim_ex.o
                0x08003168                HAL_TIMEx_MasterConfigSynchronization
 .text.HAL_TIMEx_CommutCallback
                0x08003260       0x14 ./Drivers/STM32F4xx_HAL_Driver/Src/stm32f4xx_hal_tim_ex.o
                0x08003260                HAL_TIMEx_CommutCallback
 .text.HAL_TIMEx_BreakCallback
                0x08003274       0x14 ./Drivers/STM32F4xx_HAL_Driver/Src/stm32f4xx_hal_tim_ex.o
                0x08003274                HAL_TIMEx_BreakCallback
 .text.__itoa   0x08003288       0x30 D:/CubeIDE/STM32CubeIDE_1.16.1/STM32CubeIDE/plugins/com.st.stm32cube.ide.mcu.externaltools.gnu-tools-for-stm32.12.3.rel1.win32_1.0.200.202406191623/tools/bin/../lib/gcc/arm-none-eabi/12.3.1/../../../../arm-none-eabi/lib/thumb/v7e-m+fp/hard\libc_nano.a(libc_a-itoa.o)
                0x08003288                __itoa
 .text.itoa     0x080032b8        0x4 D:/CubeIDE/STM32CubeIDE_1.16.1/STM32CubeIDE/plugins/com.st.stm32cube.ide.mcu.externaltools.gnu-tools-for-stm32.12.3.rel1.win32_1.0.200.202406191623/tools/bin/../lib/gcc/arm-none-eabi/12.3.1/../../../../arm-none-eabi/lib/thumb/v7e-m+fp/hard\libc_nano.a(libc_a-itoa.o)
                0x080032b8                itoa
 .text.__utoa   0x080032bc       0x84 D:/CubeIDE/STM32CubeIDE_1.16.1/STM32CubeIDE/plugins/com.st.stm32cube.ide.mcu.externaltools.gnu-tools-for-stm32.12.3.rel1.win32_1.0.200.202406191623/tools/bin/../lib/gcc/arm-none-eabi/12.3.1/../../../../arm-none-eabi/lib/thumb/v7e-m+fp/hard\libc_nano.a(libc_a-utoa.o)
                0x080032bc                __utoa
 .text.memset   0x08003340       0x10 D:/CubeIDE/STM32CubeIDE_1.16.1/STM32CubeIDE/plugins/com.st.stm32cube.ide.mcu.externaltools.gnu-tools-for-stm32.12.3.rel1.win32_1.0.200.202406191623/tools/bin/../lib/gcc/arm-none-eabi/12.3.1/../../../../arm-none-eabi/lib/thumb/v7e-m+fp/hard\libc_nano.a(libc_a-memset.o)
                0x08003340                memset
 .text.__libc_init_array
                0x08003350       0x48 D:/CubeIDE/STM32CubeIDE_1.16.1/STM32CubeIDE/plugins/com.st.stm32cube.ide.mcu.externaltools.gnu-tools-for-stm32.12.3.rel1.win32_1.0.200.202406191623/tools/bin/../lib/gcc/arm-none-eabi/12.3.1/../../../../arm-none-eabi/lib/thumb/v7e-m+fp/hard\libc_nano.a(libc_a-init.o)
                0x08003350                __libc_init_array
 *(.glue_7)
 .glue_7        0x08003398        0x0 linker stubs
 *(.glue_7t)
 .glue_7t       0x08003398        0x0 linker stubs
 *(.eh_frame)
 .eh_frame      0x08003398        0x0 D:/CubeIDE/STM32CubeIDE_1.16.1/STM32CubeIDE/plugins/com.st.stm32cube.ide.mcu.externaltools.gnu-tools-for-stm32.12.3.rel1.win32_1.0.200.202406191623/tools/bin/../lib/gcc/arm-none-eabi/12.3.1/thumb/v7e-m+fp/hard/crtbegin.o
 *(.init)
 .init          0x08003398        0x4 D:/CubeIDE/STM32CubeIDE_1.16.1/STM32CubeIDE/plugins/com.st.stm32cube.ide.mcu.externaltools.gnu-tools-for-stm32.12.3.rel1.win32_1.0.200.202406191623/tools/bin/../lib/gcc/arm-none-eabi/12.3.1/thumb/v7e-m+fp/hard/crti.o
                0x08003398                _init
 .init          0x0800339c        0x8 D:/CubeIDE/STM32CubeIDE_1.16.1/STM32CubeIDE/plugins/com.st.stm32cube.ide.mcu.externaltools.gnu-tools-for-stm32.12.3.rel1.win32_1.0.200.202406191623/tools/bin/../lib/gcc/arm-none-eabi/12.3.1/thumb/v7e-m+fp/hard/crtn.o
 *(.fini)
 .fini          0x080033a4        0x4 D:/CubeIDE/STM32CubeIDE_1.16.1/STM32CubeIDE/plugins/com.st.stm32cube.ide.mcu.externaltools.gnu-tools-for-stm32.12.3.rel1.win32_1.0.200.202406191623/tools/bin/../lib/gcc/arm-none-eabi/12.3.1/thumb/v7e-m+fp/hard/crti.o
                0x080033a4                _fini
 .fini          0x080033a8        0x8 D:/CubeIDE/STM32CubeIDE_1.16.1/STM32CubeIDE/plugins/com.st.stm32cube.ide.mcu.externaltools.gnu-tools-for-stm32.12.3.rel1.win32_1.0.200.202406191623/tools/bin/../lib/gcc/arm-none-eabi/12.3.1/thumb/v7e-m+fp/hard/crtn.o
                0x080033b0                        . = ALIGN (0x4)
                0x080033b0                        _etext = .

.vfp11_veneer   0x080033b0        0x0
 .vfp11_veneer  0x080033b0        0x0 linker stubs

.v4_bx          0x080033b0        0x0
 .v4_bx         0x080033b0        0x0 linker stubs

.iplt           0x080033b0        0x0
 .iplt          0x080033b0        0x0 D:/CubeIDE/STM32CubeIDE_1.16.1/STM32CubeIDE/plugins/com.st.stm32cube.ide.mcu.externaltools.gnu-tools-for-stm32.12.3.rel1.win32_1.0.200.202406191623/tools/bin/../lib/gcc/arm-none-eabi/12.3.1/thumb/v7e-m+fp/hard/crtbegin.o

.rodata         0x080033b0       0x54
                0x080033b0                        . = ALIGN (0x4)
 *(.rodata)
 .rodata        0x080033b0        0x2 ./Core/Src/main.o
 *fill*         0x080033b2        0x2 
 .rodata        0x080033b4       0x10 ./Drivers/STM32F4xx_HAL_Driver/Src/liquidcrystal_i2c.o
 *(.rodata*)
 .rodata.AHBPrescTable
                0x080033c4       0x10 ./Core/Src/system_stm32f4xx.o
                0x080033c4                AHBPrescTable
 .rodata.APBPrescTable
                0x080033d4        0x8 ./Core/Src/system_stm32f4xx.o
                0x080033d4                APBPrescTable
 .rodata.__utoa.str1.1
                0x080033dc       0x25 D:/CubeIDE/STM32CubeIDE_1.16.1/STM32CubeIDE/plugins/com.st.stm32cube.ide.mcu.externaltools.gnu-tools-for-stm32.12.3.rel1.win32_1.0.200.202406191623/tools/bin/../lib/gcc/arm-none-eabi/12.3.1/../../../../arm-none-eabi/lib/thumb/v7e-m+fp/hard\libc_nano.a(libc_a-utoa.o)
                0x08003404                        . = ALIGN (0x4)
 *fill*         0x08003401        0x3 

.ARM.extab      0x08003404        0x0
                0x08003404                        . = ALIGN (0x4)
 *(.ARM.extab* .gnu.linkonce.armextab.*)
                0x08003404                        . = ALIGN (0x4)

.ARM            0x08003404        0x8
                0x08003404                        . = ALIGN (0x4)
                0x08003404                        __exidx_start = .
 *(.ARM.exidx*)
 .ARM.exidx     0x08003404        0x8 D:/CubeIDE/STM32CubeIDE_1.16.1/STM32CubeIDE/plugins/com.st.stm32cube.ide.mcu.externaltools.gnu-tools-for-stm32.12.3.rel1.win32_1.0.200.202406191623/tools/bin/../lib/gcc/arm-none-eabi/12.3.1/thumb/v7e-m+fp/hard\libgcc.a(_udivmoddi4.o)
                0x0800340c                        __exidx_end = .
                0x0800340c                        . = ALIGN (0x4)

.preinit_array  0x0800340c        0x0
                0x0800340c                        . = ALIGN (0x4)
                0x0800340c                        PROVIDE (__preinit_array_start = .)
 *(.preinit_array*)
                0x0800340c                        PROVIDE (__preinit_array_end = .)
                0x0800340c                        . = ALIGN (0x4)

.init_array     0x0800340c        0x4
                0x0800340c                        . = ALIGN (0x4)
                0x0800340c                        PROVIDE (__init_array_start = .)
 *(SORT_BY_NAME(.init_array.*))
 *(.init_array*)
 .init_array    0x0800340c        0x4 D:/CubeIDE/STM32CubeIDE_1.16.1/STM32CubeIDE/plugins/com.st.stm32cube.ide.mcu.externaltools.gnu-tools-for-stm32.12.3.rel1.win32_1.0.200.202406191623/tools/bin/../lib/gcc/arm-none-eabi/12.3.1/thumb/v7e-m+fp/hard/crtbegin.o
                0x08003410                        PROVIDE (__init_array_end = .)
                0x08003410                        . = ALIGN (0x4)

.fini_array     0x08003410        0x4
                0x08003410                        . = ALIGN (0x4)
                [!provide]                        PROVIDE (__fini_array_start = .)
 *(SORT_BY_NAME(.fini_array.*))
 *(.fini_array*)
 .fini_array    0x08003410        0x4 D:/CubeIDE/STM32CubeIDE_1.16.1/STM32CubeIDE/plugins/com.st.stm32cube.ide.mcu.externaltools.gnu-tools-for-stm32.12.3.rel1.win32_1.0.200.202406191623/tools/bin/../lib/gcc/arm-none-eabi/12.3.1/thumb/v7e-m+fp/hard/crtbegin.o
                [!provide]                        PROVIDE (__fini_array_end = .)
                0x08003414                        . = ALIGN (0x4)
                0x08003414                        _sidata = LOADADDR (.data)

.rel.dyn        0x08003414        0x0
 .rel.iplt      0x08003414        0x0 D:/CubeIDE/STM32CubeIDE_1.16.1/STM32CubeIDE/plugins/com.st.stm32cube.ide.mcu.externaltools.gnu-tools-for-stm32.12.3.rel1.win32_1.0.200.202406191623/tools/bin/../lib/gcc/arm-none-eabi/12.3.1/thumb/v7e-m+fp/hard/crtbegin.o

.data           0x20000000       0x1c load address 0x08003414
                0x20000000                        . = ALIGN (0x4)
                0x20000000                        _sdata = .
 *(.data)
 *(.data*)
 .data.SystemCoreClock
                0x20000000        0x4 ./Core/Src/system_stm32f4xx.o
                0x20000000                SystemCoreClock
 .data.special1
                0x20000004        0x8 ./Drivers/STM32F4xx_HAL_Driver/Src/liquidcrystal_i2c.o
                0x20000004                special1
 .data.special2
                0x2000000c        0x8 ./Drivers/STM32F4xx_HAL_Driver/Src/liquidcrystal_i2c.o
                0x2000000c                special2
 .data.uwTickPrio
                0x20000014        0x4 ./Drivers/STM32F4xx_HAL_Driver/Src/stm32f4xx_hal.o
                0x20000014                uwTickPrio
 .data.uwTickFreq
                0x20000018        0x1 ./Drivers/STM32F4xx_HAL_Driver/Src/stm32f4xx_hal.o
                0x20000018                uwTickFreq
 *(.RamFunc)
 *(.RamFunc*)
                0x2000001c                        . = ALIGN (0x4)
 *fill*         0x20000019        0x3 
                0x2000001c                        _edata = .

.igot.plt       0x2000001c        0x0 load address 0x08003430
 .igot.plt      0x2000001c        0x0 D:/CubeIDE/STM32CubeIDE_1.16.1/STM32CubeIDE/plugins/com.st.stm32cube.ide.mcu.externaltools.gnu-tools-for-stm32.12.3.rel1.win32_1.0.200.202406191623/tools/bin/../lib/gcc/arm-none-eabi/12.3.1/thumb/v7e-m+fp/hard/crtbegin.o
                0x2000001c                        . = ALIGN (0x4)

.bss            0x2000001c      0x168 load address 0x08003430
                0x2000001c                        _sbss = .
                0x2000001c                        __bss_start__ = _sbss
 *(.bss)
 .bss           0x2000001c       0x1c D:/CubeIDE/STM32CubeIDE_1.16.1/STM32CubeIDE/plugins/com.st.stm32cube.ide.mcu.externaltools.gnu-tools-for-stm32.12.3.rel1.win32_1.0.200.202406191623/tools/bin/../lib/gcc/arm-none-eabi/12.3.1/thumb/v7e-m+fp/hard/crtbegin.o
 *(.bss*)
 .bss.hi2c1     0x20000038       0x54 ./Core/Src/i2c.o
                0x20000038                hi2c1
 .bss.i         0x2000008c        0x2 ./Core/Src/main.o
                0x2000008c                i
 .bss.j         0x2000008e        0x2 ./Core/Src/main.o
                0x2000008e                j
 .bss.k         0x20000090        0x2 ./Core/Src/main.o
                0x20000090                k
 *fill*         0x20000092        0x2 
 .bss.num1      0x20000094        0x2 ./Core/Src/main.o
                0x20000094                num1
 *fill*         0x20000096        0x2 
 .bss.num2      0x20000098        0x1 ./Core/Src/main.o
                0x20000098                num2
 *fill*         0x20000099        0x3 
 .bss.num3      0x2000009c        0x1 ./Core/Src/main.o
                0x2000009c                num3
 *fill*         0x2000009d        0x3 
 .bss.htim6     0x200000a0       0x48 ./Core/Src/tim.o
                0x200000a0                htim6
 .bss.htim7     0x200000e8       0x48 ./Core/Src/tim.o
                0x200000e8                htim7
 .bss.htim14    0x20000130       0x48 ./Core/Src/tim.o
                0x20000130                htim14
 .bss.dpFunction
                0x20000178        0x1 ./Drivers/STM32F4xx_HAL_Driver/Src/liquidcrystal_i2c.o
                0x20000178                dpFunction
 .bss.dpControl
                0x20000179        0x1 ./Drivers/STM32F4xx_HAL_Driver/Src/liquidcrystal_i2c.o
                0x20000179                dpControl
 .bss.dpMode    0x2000017a        0x1 ./Drivers/STM32F4xx_HAL_Driver/Src/liquidcrystal_i2c.o
                0x2000017a                dpMode
 .bss.dpRows    0x2000017b        0x1 ./Drivers/STM32F4xx_HAL_Driver/Src/liquidcrystal_i2c.o
                0x2000017b                dpRows
 .bss.dpBacklight
                0x2000017c        0x1 ./Drivers/STM32F4xx_HAL_Driver/Src/liquidcrystal_i2c.o
                0x2000017c                dpBacklight
 *fill*         0x2000017d        0x3 
 .bss.uwTick    0x20000180        0x4 ./Drivers/STM32F4xx_HAL_Driver/Src/stm32f4xx_hal.o
                0x20000180                uwTick
 *(COMMON)
                0x20000184                        . = ALIGN (0x4)
                0x20000184                        _ebss = .
                0x20000184                        __bss_end__ = _ebss

._user_heap_stack
                0x20000184      0x604 load address 0x08003430
                0x20000188                        . = ALIGN (0x8)
 *fill*         0x20000184        0x4 
                [!provide]                        PROVIDE (end = .)
                0x20000188                        PROVIDE (_end = .)
                0x20000388                        . = (. + _Min_Heap_Size)
 *fill*         0x20000188      0x200 
                0x20000788                        . = (. + _Min_Stack_Size)
 *fill*         0x20000388      0x400 
                0x20000788                        . = ALIGN (0x8)

/DISCARD/
 libc.a(*)
 libm.a(*)
 libgcc.a(*)

.ARM.attributes
                0x00000000       0x30
 *(.ARM.attributes)
 .ARM.attributes
                0x00000000       0x22 D:/CubeIDE/STM32CubeIDE_1.16.1/STM32CubeIDE/plugins/com.st.stm32cube.ide.mcu.externaltools.gnu-tools-for-stm32.12.3.rel1.win32_1.0.200.202406191623/tools/bin/../lib/gcc/arm-none-eabi/12.3.1/thumb/v7e-m+fp/hard/crti.o
 .ARM.attributes
                0x00000022       0x34 D:/CubeIDE/STM32CubeIDE_1.16.1/STM32CubeIDE/plugins/com.st.stm32cube.ide.mcu.externaltools.gnu-tools-for-stm32.12.3.rel1.win32_1.0.200.202406191623/tools/bin/../lib/gcc/arm-none-eabi/12.3.1/thumb/v7e-m+fp/hard/crtbegin.o
 .ARM.attributes
                0x00000056       0x34 ./Core/Src/gpio.o
 .ARM.attributes
                0x0000008a       0x34 ./Core/Src/i2c.o
 .ARM.attributes
                0x000000be       0x34 ./Core/Src/main.o
 .ARM.attributes
                0x000000f2       0x34 ./Core/Src/stm32f4xx_hal_msp.o
 .ARM.attributes
                0x00000126       0x34 ./Core/Src/stm32f4xx_it.o
 .ARM.attributes
                0x0000015a       0x34 ./Core/Src/system_stm32f4xx.o
 .ARM.attributes
                0x0000018e       0x34 ./Core/Src/tim.o
 .ARM.attributes
                0x000001c2       0x21 ./Core/Startup/startup_stm32f446retx.o
 .ARM.attributes
                0x000001e3       0x34 ./Drivers/STM32F4xx_HAL_Driver/Src/liquidcrystal_i2c.o
 .ARM.attributes
                0x00000217       0x34 ./Drivers/STM32F4xx_HAL_Driver/Src/stm32f4xx_hal.o
 .ARM.attributes
                0x0000024b       0x34 ./Drivers/STM32F4xx_HAL_Driver/Src/stm32f4xx_hal_cortex.o
 .ARM.attributes
                0x0000027f       0x34 ./Drivers/STM32F4xx_HAL_Driver/Src/stm32f4xx_hal_gpio.o
 .ARM.attributes
                0x000002b3       0x34 ./Drivers/STM32F4xx_HAL_Driver/Src/stm32f4xx_hal_i2c.o
 .ARM.attributes
                0x000002e7       0x34 ./Drivers/STM32F4xx_HAL_Driver/Src/stm32f4xx_hal_rcc.o
 .ARM.attributes
                0x0000031b       0x34 ./Drivers/STM32F4xx_HAL_Driver/Src/stm32f4xx_hal_rcc_ex.o
 .ARM.attributes
                0x0000034f       0x34 ./Drivers/STM32F4xx_HAL_Driver/Src/stm32f4xx_hal_tim.o
 .ARM.attributes
                0x00000383       0x34 ./Drivers/STM32F4xx_HAL_Driver/Src/stm32f4xx_hal_tim_ex.o
 .ARM.attributes
                0x000003b7       0x34 D:/CubeIDE/STM32CubeIDE_1.16.1/STM32CubeIDE/plugins/com.st.stm32cube.ide.mcu.externaltools.gnu-tools-for-stm32.12.3.rel1.win32_1.0.200.202406191623/tools/bin/../lib/gcc/arm-none-eabi/12.3.1/../../../../arm-none-eabi/lib/thumb/v7e-m+fp/hard\libc_nano.a(libc_a-itoa.o)
 .ARM.attributes
                0x000003eb       0x34 D:/CubeIDE/STM32CubeIDE_1.16.1/STM32CubeIDE/plugins/com.st.stm32cube.ide.mcu.externaltools.gnu-tools-for-stm32.12.3.rel1.win32_1.0.200.202406191623/tools/bin/../lib/gcc/arm-none-eabi/12.3.1/../../../../arm-none-eabi/lib/thumb/v7e-m+fp/hard\libc_nano.a(libc_a-utoa.o)
 .ARM.attributes
                0x0000041f       0x34 D:/CubeIDE/STM32CubeIDE_1.16.1/STM32CubeIDE/plugins/com.st.stm32cube.ide.mcu.externaltools.gnu-tools-for-stm32.12.3.rel1.win32_1.0.200.202406191623/tools/bin/../lib/gcc/arm-none-eabi/12.3.1/../../../../arm-none-eabi/lib/thumb/v7e-m+fp/hard\libc_nano.a(libc_a-memset.o)
 .ARM.attributes
                0x00000453       0x34 D:/CubeIDE/STM32CubeIDE_1.16.1/STM32CubeIDE/plugins/com.st.stm32cube.ide.mcu.externaltools.gnu-tools-for-stm32.12.3.rel1.win32_1.0.200.202406191623/tools/bin/../lib/gcc/arm-none-eabi/12.3.1/../../../../arm-none-eabi/lib/thumb/v7e-m+fp/hard\libc_nano.a(libc_a-init.o)
 .ARM.attributes
                0x00000487       0x22 D:/CubeIDE/STM32CubeIDE_1.16.1/STM32CubeIDE/plugins/com.st.stm32cube.ide.mcu.externaltools.gnu-tools-for-stm32.12.3.rel1.win32_1.0.200.202406191623/tools/bin/../lib/gcc/arm-none-eabi/12.3.1/thumb/v7e-m+fp/hard\libgcc.a(_aeabi_uldivmod.o)
 .ARM.attributes
                0x000004a9       0x34 D:/CubeIDE/STM32CubeIDE_1.16.1/STM32CubeIDE/plugins/com.st.stm32cube.ide.mcu.externaltools.gnu-tools-for-stm32.12.3.rel1.win32_1.0.200.202406191623/tools/bin/../lib/gcc/arm-none-eabi/12.3.1/thumb/v7e-m+fp/hard\libgcc.a(_udivmoddi4.o)
 .ARM.attributes
                0x000004dd       0x22 D:/CubeIDE/STM32CubeIDE_1.16.1/STM32CubeIDE/plugins/com.st.stm32cube.ide.mcu.externaltools.gnu-tools-for-stm32.12.3.rel1.win32_1.0.200.202406191623/tools/bin/../lib/gcc/arm-none-eabi/12.3.1/thumb/v7e-m+fp/hard\libgcc.a(_dvmd_tls.o)
 .ARM.attributes
                0x000004ff       0x22 D:/CubeIDE/STM32CubeIDE_1.16.1/STM32CubeIDE/plugins/com.st.stm32cube.ide.mcu.externaltools.gnu-tools-for-stm32.12.3.rel1.win32_1.0.200.202406191623/tools/bin/../lib/gcc/arm-none-eabi/12.3.1/thumb/v7e-m+fp/hard/crtn.o
OUTPUT(Hodak_Seminar.elf elf32-littlearm)
LOAD linker stubs
LOAD D:/CubeIDE/STM32CubeIDE_1.16.1/STM32CubeIDE/plugins/com.st.stm32cube.ide.mcu.externaltools.gnu-tools-for-stm32.12.3.rel1.win32_1.0.200.202406191623/tools/bin/../lib/gcc/arm-none-eabi/12.3.1/../../../../arm-none-eabi/lib/thumb/v7e-m+fp/hard\libc.a
LOAD D:/CubeIDE/STM32CubeIDE_1.16.1/STM32CubeIDE/plugins/com.st.stm32cube.ide.mcu.externaltools.gnu-tools-for-stm32.12.3.rel1.win32_1.0.200.202406191623/tools/bin/../lib/gcc/arm-none-eabi/12.3.1/../../../../arm-none-eabi/lib/thumb/v7e-m+fp/hard\libm.a
LOAD D:/CubeIDE/STM32CubeIDE_1.16.1/STM32CubeIDE/plugins/com.st.stm32cube.ide.mcu.externaltools.gnu-tools-for-stm32.12.3.rel1.win32_1.0.200.202406191623/tools/bin/../lib/gcc/arm-none-eabi/12.3.1/thumb/v7e-m+fp/hard\libgcc.a

.debug_info     0x00000000     0xd9dd
 .debug_info    0x00000000      0x694 ./Core/Src/gpio.o
 .debug_info    0x00000694      0x9a4 ./Core/Src/i2c.o
 .debug_info    0x00001038      0xdb6 ./Core/Src/main.o
 .debug_info    0x00001dee      0x299 ./Core/Src/stm32f4xx_hal_msp.o
 .debug_info    0x00002087      0x760 ./Core/Src/stm32f4xx_it.o
 .debug_info    0x000027e7      0x54a ./Core/Src/system_stm32f4xx.o
 .debug_info    0x00002d31      0xc72 ./Core/Src/tim.o
 .debug_info    0x000039a3       0x30 ./Core/Startup/startup_stm32f446retx.o
 .debug_info    0x000039d3      0xce1 ./Drivers/STM32F4xx_HAL_Driver/Src/liquidcrystal_i2c.o
 .debug_info    0x000046b4      0x99a ./Drivers/STM32F4xx_HAL_Driver/Src/stm32f4xx_hal.o
 .debug_info    0x0000504e      0xdaa ./Drivers/STM32F4xx_HAL_Driver/Src/stm32f4xx_hal_cortex.o
 .debug_info    0x00005df8      0x70b ./Drivers/STM32F4xx_HAL_Driver/Src/stm32f4xx_hal_gpio.o
 .debug_info    0x00006503     0x2421 ./Drivers/STM32F4xx_HAL_Driver/Src/stm32f4xx_hal_i2c.o
 .debug_info    0x00008924      0x8eb ./Drivers/STM32F4xx_HAL_Driver/Src/stm32f4xx_hal_rcc.o
 .debug_info    0x0000920f      0x956 ./Drivers/STM32F4xx_HAL_Driver/Src/stm32f4xx_hal_rcc_ex.o
 .debug_info    0x00009b65     0x299d ./Drivers/STM32F4xx_HAL_Driver/Src/stm32f4xx_hal_tim.o
 .debug_info    0x0000c502     0x14db ./Drivers/STM32F4xx_HAL_Driver/Src/stm32f4xx_hal_tim_ex.o

.debug_abbrev   0x00000000     0x228b
 .debug_abbrev  0x00000000      0x174 ./Core/Src/gpio.o
 .debug_abbrev  0x00000174      0x1f1 ./Core/Src/i2c.o
 .debug_abbrev  0x00000365      0x2bb ./Core/Src/main.o
 .debug_abbrev  0x00000620       0xd8 ./Core/Src/stm32f4xx_hal_msp.o
 .debug_abbrev  0x000006f8      0x1c2 ./Core/Src/stm32f4xx_it.o
 .debug_abbrev  0x000008ba      0x11a ./Core/Src/system_stm32f4xx.o
 .debug_abbrev  0x000009d4      0x21f ./Core/Src/tim.o
 .debug_abbrev  0x00000bf3       0x24 ./Core/Startup/startup_stm32f446retx.o
 .debug_abbrev  0x00000c17      0x306 ./Drivers/STM32F4xx_HAL_Driver/Src/liquidcrystal_i2c.o
 .debug_abbrev  0x00000f1d      0x214 ./Drivers/STM32F4xx_HAL_Driver/Src/stm32f4xx_hal.o
 .debug_abbrev  0x00001131      0x31d ./Drivers/STM32F4xx_HAL_Driver/Src/stm32f4xx_hal_cortex.o
 .debug_abbrev  0x0000144e      0x1d4 ./Drivers/STM32F4xx_HAL_Driver/Src/stm32f4xx_hal_gpio.o
 .debug_abbrev  0x00001622      0x2ad ./Drivers/STM32F4xx_HAL_Driver/Src/stm32f4xx_hal_i2c.o
 .debug_abbrev  0x000018cf      0x2b7 ./Drivers/STM32F4xx_HAL_Driver/Src/stm32f4xx_hal_rcc.o
 .debug_abbrev  0x00001b86      0x20a ./Drivers/STM32F4xx_HAL_Driver/Src/stm32f4xx_hal_rcc_ex.o
 .debug_abbrev  0x00001d90      0x278 ./Drivers/STM32F4xx_HAL_Driver/Src/stm32f4xx_hal_tim.o
 .debug_abbrev  0x00002008      0x283 ./Drivers/STM32F4xx_HAL_Driver/Src/stm32f4xx_hal_tim_ex.o

.debug_aranges  0x00000000      0xe30
 .debug_aranges
                0x00000000       0x20 ./Core/Src/gpio.o
 .debug_aranges
                0x00000020       0x30 ./Core/Src/i2c.o
 .debug_aranges
                0x00000050       0x40 ./Core/Src/main.o
 .debug_aranges
                0x00000090       0x20 ./Core/Src/stm32f4xx_hal_msp.o
 .debug_aranges
                0x000000b0       0x88 ./Core/Src/stm32f4xx_it.o
 .debug_aranges
                0x00000138       0x28 ./Core/Src/system_stm32f4xx.o
 .debug_aranges
                0x00000160       0x40 ./Core/Src/tim.o
 .debug_aranges
                0x000001a0       0x28 ./Core/Startup/startup_stm32f446retx.o
 .debug_aranges
                0x000001c8      0x110 ./Drivers/STM32F4xx_HAL_Driver/Src/liquidcrystal_i2c.o
 .debug_aranges
                0x000002d8       0xf0 ./Drivers/STM32F4xx_HAL_Driver/Src/stm32f4xx_hal.o
 .debug_aranges
                0x000003c8      0x130 ./Drivers/STM32F4xx_HAL_Driver/Src/stm32f4xx_hal_cortex.o
 .debug_aranges
                0x000004f8       0x58 ./Drivers/STM32F4xx_HAL_Driver/Src/stm32f4xx_hal_gpio.o
 .debug_aranges
                0x00000550      0x2a8 ./Drivers/STM32F4xx_HAL_Driver/Src/stm32f4xx_hal_i2c.o
 .debug_aranges
                0x000007f8       0x88 ./Drivers/STM32F4xx_HAL_Driver/Src/stm32f4xx_hal_rcc.o
 .debug_aranges
                0x00000880       0x78 ./Drivers/STM32F4xx_HAL_Driver/Src/stm32f4xx_hal_rcc_ex.o
 .debug_aranges
                0x000008f8      0x3d0 ./Drivers/STM32F4xx_HAL_Driver/Src/stm32f4xx_hal_tim.o
 .debug_aranges
                0x00000cc8      0x168 ./Drivers/STM32F4xx_HAL_Driver/Src/stm32f4xx_hal_tim_ex.o

.debug_rnglists
                0x00000000      0xb0a
 .debug_rnglists
                0x00000000       0x14 ./Core/Src/gpio.o
 .debug_rnglists
                0x00000014       0x20 ./Core/Src/i2c.o
 .debug_rnglists
                0x00000034       0x2e ./Core/Src/main.o
 .debug_rnglists
                0x00000062       0x13 ./Core/Src/stm32f4xx_hal_msp.o
 .debug_rnglists
                0x00000075       0x61 ./Core/Src/stm32f4xx_it.o
 .debug_rnglists
                0x000000d6       0x1a ./Core/Src/system_stm32f4xx.o
 .debug_rnglists
                0x000000f0       0x2c ./Core/Src/tim.o
 .debug_rnglists
                0x0000011c       0x19 ./Core/Startup/startup_stm32f446retx.o
 .debug_rnglists
                0x00000135       0xc8 ./Drivers/STM32F4xx_HAL_Driver/Src/liquidcrystal_i2c.o
 .debug_rnglists
                0x000001fd       0xaf ./Drivers/STM32F4xx_HAL_Driver/Src/stm32f4xx_hal.o
 .debug_rnglists
                0x000002ac       0xe0 ./Drivers/STM32F4xx_HAL_Driver/Src/stm32f4xx_hal_cortex.o
 .debug_rnglists
                0x0000038c       0x3f ./Drivers/STM32F4xx_HAL_Driver/Src/stm32f4xx_hal_gpio.o
 .debug_rnglists
                0x000003cb      0x23c ./Drivers/STM32F4xx_HAL_Driver/Src/stm32f4xx_hal_i2c.o
 .debug_rnglists
                0x00000607       0x66 ./Drivers/STM32F4xx_HAL_Driver/Src/stm32f4xx_hal_rcc.o
 .debug_rnglists
                0x0000066d       0x5e ./Drivers/STM32F4xx_HAL_Driver/Src/stm32f4xx_hal_rcc_ex.o
 .debug_rnglists
                0x000006cb      0x31a ./Drivers/STM32F4xx_HAL_Driver/Src/stm32f4xx_hal_tim.o
 .debug_rnglists
                0x000009e5      0x125 ./Drivers/STM32F4xx_HAL_Driver/Src/stm32f4xx_hal_tim_ex.o

.debug_macro    0x00000000    0x218fc
 .debug_macro   0x00000000      0x1f6 ./Core/Src/gpio.o
 .debug_macro   0x000001f6      0xab4 ./Core/Src/gpio.o
 .debug_macro   0x00000caa      0x29b ./Core/Src/gpio.o
 .debug_macro   0x00000f45       0x2e ./Core/Src/gpio.o
 .debug_macro   0x00000f73       0x28 ./Core/Src/gpio.o
 .debug_macro   0x00000f9b       0x22 ./Core/Src/gpio.o
 .debug_macro   0x00000fbd       0x8e ./Core/Src/gpio.o
 .debug_macro   0x0000104b       0x51 ./Core/Src/gpio.o
 .debug_macro   0x0000109c      0x103 ./Core/Src/gpio.o
 .debug_macro   0x0000119f       0x6a ./Core/Src/gpio.o
 .debug_macro   0x00001209      0x1df ./Core/Src/gpio.o
 .debug_macro   0x000013e8       0x1c ./Core/Src/gpio.o
 .debug_macro   0x00001404       0x22 ./Core/Src/gpio.o
 .debug_macro   0x00001426       0xfb ./Core/Src/gpio.o
 .debug_macro   0x00001521     0x1011 ./Core/Src/gpio.o
 .debug_macro   0x00002532      0x11f ./Core/Src/gpio.o
 .debug_macro   0x00002651    0x16749 ./Core/Src/gpio.o
 .debug_macro   0x00018d9a       0x6d ./Core/Src/gpio.o
 .debug_macro   0x00018e07     0x369a ./Core/Src/gpio.o
 .debug_macro   0x0001c4a1      0x189 ./Core/Src/gpio.o
 .debug_macro   0x0001c62a       0x5c ./Core/Src/gpio.o
 .debug_macro   0x0001c686      0xca5 ./Core/Src/gpio.o
 .debug_macro   0x0001d32b      0x9e9 ./Core/Src/gpio.o
 .debug_macro   0x0001dd14      0x115 ./Core/Src/gpio.o
 .debug_macro   0x0001de29      0x1a0 ./Core/Src/gpio.o
 .debug_macro   0x0001dfc9       0xa5 ./Core/Src/gpio.o
 .debug_macro   0x0001e06e      0x16d ./Core/Src/gpio.o
 .debug_macro   0x0001e1db      0x287 ./Core/Src/gpio.o
 .debug_macro   0x0001e462       0x5f ./Core/Src/gpio.o
 .debug_macro   0x0001e4c1      0x236 ./Core/Src/gpio.o
 .debug_macro   0x0001e6f7      0x132 ./Core/Src/gpio.o
 .debug_macro   0x0001e829      0x29c ./Core/Src/gpio.o
 .debug_macro   0x0001eac5       0x2e ./Core/Src/gpio.o
 .debug_macro   0x0001eaf3      0x1b5 ./Core/Src/gpio.o
 .debug_macro   0x0001eca8       0x22 ./Core/Src/gpio.o
 .debug_macro   0x0001ecca       0xd6 ./Core/Src/gpio.o
 .debug_macro   0x0001eda0      0x127 ./Core/Src/gpio.o
 .debug_macro   0x0001eec7       0xe8 ./Core/Src/gpio.o
 .debug_macro   0x0001efaf       0x89 ./Core/Src/gpio.o
 .debug_macro   0x0001f038      0x8ed ./Core/Src/gpio.o
 .debug_macro   0x0001f925       0x53 ./Core/Src/gpio.o
 .debug_macro   0x0001f978      0x126 ./Core/Src/gpio.o
 .debug_macro   0x0001fa9e       0x28 ./Core/Src/gpio.o
 .debug_macro   0x0001fac6      0x1f6 ./Core/Src/i2c.o
 .debug_macro   0x0001fcbc      0x20e ./Core/Src/main.o
 .debug_macro   0x0001feca      0x1ec ./Core/Src/stm32f4xx_hal_msp.o
 .debug_macro   0x000200b6      0x1f6 ./Core/Src/stm32f4xx_it.o
 .debug_macro   0x000202ac      0x1dd ./Core/Src/system_stm32f4xx.o
 .debug_macro   0x00020489      0x1f6 ./Core/Src/tim.o
 .debug_macro   0x0002067f      0x1ec ./Drivers/STM32F4xx_HAL_Driver/Src/liquidcrystal_i2c.o
 .debug_macro   0x0002086b       0xd0 ./Drivers/STM32F4xx_HAL_Driver/Src/liquidcrystal_i2c.o
 .debug_macro   0x0002093b      0x23d ./Drivers/STM32F4xx_HAL_Driver/Src/stm32f4xx_hal.o
 .debug_macro   0x00020b78      0x1dd ./Drivers/STM32F4xx_HAL_Driver/Src/stm32f4xx_hal_cortex.o
 .debug_macro   0x00020d55      0x1e3 ./Drivers/STM32F4xx_HAL_Driver/Src/stm32f4xx_hal_gpio.o
 .debug_macro   0x00020f38      0x22b ./Drivers/STM32F4xx_HAL_Driver/Src/stm32f4xx_hal_i2c.o
 .debug_macro   0x00021163      0x201 ./Drivers/STM32F4xx_HAL_Driver/Src/stm32f4xx_hal_rcc.o
 .debug_macro   0x00021364      0x1dd ./Drivers/STM32F4xx_HAL_Driver/Src/stm32f4xx_hal_rcc_ex.o
 .debug_macro   0x00021541      0x1de ./Drivers/STM32F4xx_HAL_Driver/Src/stm32f4xx_hal_tim.o
 .debug_macro   0x0002171f      0x1dd ./Drivers/STM32F4xx_HAL_Driver/Src/stm32f4xx_hal_tim_ex.o

.debug_line     0x00000000    0x1163f
 .debug_line    0x00000000      0x772 ./Core/Src/gpio.o
 .debug_line    0x00000772      0x7b5 ./Core/Src/i2c.o
 .debug_line    0x00000f27      0x897 ./Core/Src/main.o
 .debug_line    0x000017be      0x74c ./Core/Src/stm32f4xx_hal_msp.o
 .debug_line    0x00001f0a      0x886 ./Core/Src/stm32f4xx_it.o
 .debug_line    0x00002790      0x7d0 ./Core/Src/system_stm32f4xx.o
 .debug_line    0x00002f60      0x85e ./Core/Src/tim.o
 .debug_line    0x000037be       0x7a ./Core/Startup/startup_stm32f446retx.o
 .debug_line    0x00003838      0xb5c ./Drivers/STM32F4xx_HAL_Driver/Src/liquidcrystal_i2c.o
 .debug_line    0x00004394      0xa39 ./Drivers/STM32F4xx_HAL_Driver/Src/stm32f4xx_hal.o
 .debug_line    0x00004dcd      0xd2b ./Drivers/STM32F4xx_HAL_Driver/Src/stm32f4xx_hal_cortex.o
 .debug_line    0x00005af8      0xbb1 ./Drivers/STM32F4xx_HAL_Driver/Src/stm32f4xx_hal_gpio.o
 .debug_line    0x000066a9     0x3b7f ./Drivers/STM32F4xx_HAL_Driver/Src/stm32f4xx_hal_i2c.o
 .debug_line    0x0000a228      0xdce ./Drivers/STM32F4xx_HAL_Driver/Src/stm32f4xx_hal_rcc.o
 .debug_line    0x0000aff6     0x143d ./Drivers/STM32F4xx_HAL_Driver/Src/stm32f4xx_hal_rcc_ex.o
 .debug_line    0x0000c433     0x37dd ./Drivers/STM32F4xx_HAL_Driver/Src/stm32f4xx_hal_tim.o
 .debug_line    0x0000fc10     0x1a2f ./Drivers/STM32F4xx_HAL_Driver/Src/stm32f4xx_hal_tim_ex.o

.debug_str      0x00000000    0xcd82f
 .debug_str     0x00000000    0xc96c6 ./Core/Src/gpio.o
                              0xc999c (size before relaxing)
 .debug_str     0x000c96c6      0x54b ./Core/Src/i2c.o
                              0xc996f (size before relaxing)
 .debug_str     0x000c9c11      0x515 ./Core/Src/main.o
                              0xc9c0f (size before relaxing)
 .debug_str     0x000ca126       0x2c ./Core/Src/stm32f4xx_hal_msp.o
                              0xc9370 (size before relaxing)
 .debug_str     0x000ca152      0x15f ./Core/Src/stm32f4xx_it.o
                              0xc98c3 (size before relaxing)
 .debug_str     0x000ca2b1       0xdb ./Core/Src/system_stm32f4xx.o
                              0xc9390 (size before relaxing)
 .debug_str     0x000ca38c       0xe3 ./Core/Src/tim.o
                              0xc9f35 (size before relaxing)
 .debug_str     0x000ca46f       0x44 ./Core/Startup/startup_stm32f446retx.o
                                 0x8e (size before relaxing)
 .debug_str     0x000ca4b3      0x61b ./Drivers/STM32F4xx_HAL_Driver/Src/liquidcrystal_i2c.o
                              0xc9d60 (size before relaxing)
 .debug_str     0x000caace      0x608 ./Drivers/STM32F4xx_HAL_Driver/Src/stm32f4xx_hal.o
                              0xc9f55 (size before relaxing)
 .debug_str     0x000cb0d6      0x36b ./Drivers/STM32F4xx_HAL_Driver/Src/stm32f4xx_hal_cortex.o
                              0xc9cac (size before relaxing)
 .debug_str     0x000cb441       0xc4 ./Drivers/STM32F4xx_HAL_Driver/Src/stm32f4xx_hal_gpio.o
                              0xc950b (size before relaxing)
 .debug_str     0x000cb505      0xb50 ./Drivers/STM32F4xx_HAL_Driver/Src/stm32f4xx_hal_i2c.o
                              0xca38e (size before relaxing)
 .debug_str     0x000cc055      0x213 ./Drivers/STM32F4xx_HAL_Driver/Src/stm32f4xx_hal_rcc.o
                              0xc97c9 (size before relaxing)
 .debug_str     0x000cc268      0x324 ./Drivers/STM32F4xx_HAL_Driver/Src/stm32f4xx_hal_rcc_ex.o
                              0xc97fc (size before relaxing)
 .debug_str     0x000cc58c      0xe10 ./Drivers/STM32F4xx_HAL_Driver/Src/stm32f4xx_hal_tim.o
                              0xca6f5 (size before relaxing)
 .debug_str     0x000cd39c      0x493 ./Drivers/STM32F4xx_HAL_Driver/Src/stm32f4xx_hal_tim_ex.o
                              0xc9f01 (size before relaxing)

.comment        0x00000000       0x43
 .comment       0x00000000       0x43 ./Core/Src/gpio.o
                                 0x44 (size before relaxing)
 .comment       0x00000043       0x44 ./Core/Src/i2c.o
 .comment       0x00000043       0x44 ./Core/Src/main.o
 .comment       0x00000043       0x44 ./Core/Src/stm32f4xx_hal_msp.o
 .comment       0x00000043       0x44 ./Core/Src/stm32f4xx_it.o
 .comment       0x00000043       0x44 ./Core/Src/system_stm32f4xx.o
 .comment       0x00000043       0x44 ./Core/Src/tim.o
 .comment       0x00000043       0x44 ./Drivers/STM32F4xx_HAL_Driver/Src/liquidcrystal_i2c.o
 .comment       0x00000043       0x44 ./Drivers/STM32F4xx_HAL_Driver/Src/stm32f4xx_hal.o
 .comment       0x00000043       0x44 ./Drivers/STM32F4xx_HAL_Driver/Src/stm32f4xx_hal_cortex.o
 .comment       0x00000043       0x44 ./Drivers/STM32F4xx_HAL_Driver/Src/stm32f4xx_hal_gpio.o
 .comment       0x00000043       0x44 ./Drivers/STM32F4xx_HAL_Driver/Src/stm32f4xx_hal_i2c.o
 .comment       0x00000043       0x44 ./Drivers/STM32F4xx_HAL_Driver/Src/stm32f4xx_hal_rcc.o
 .comment       0x00000043       0x44 ./Drivers/STM32F4xx_HAL_Driver/Src/stm32f4xx_hal_rcc_ex.o
 .comment       0x00000043       0x44 ./Drivers/STM32F4xx_HAL_Driver/Src/stm32f4xx_hal_tim.o
 .comment       0x00000043       0x44 ./Drivers/STM32F4xx_HAL_Driver/Src/stm32f4xx_hal_tim_ex.o

.debug_frame    0x00000000     0x3b70
 .debug_frame   0x00000000       0x34 ./Core/Src/gpio.o
 .debug_frame   0x00000034       0x74 ./Core/Src/i2c.o
 .debug_frame   0x000000a8       0xb0 ./Core/Src/main.o
 .debug_frame   0x00000158       0x38 ./Core/Src/stm32f4xx_hal_msp.o
 .debug_frame   0x00000190      0x190 ./Core/Src/stm32f4xx_it.o
 .debug_frame   0x00000320       0x58 ./Core/Src/system_stm32f4xx.o
 .debug_frame   0x00000378       0xbc ./Core/Src/tim.o
 .debug_frame   0x00000434      0x3f0 ./Drivers/STM32F4xx_HAL_Driver/Src/liquidcrystal_i2c.o
 .debug_frame   0x00000824      0x374 ./Drivers/STM32F4xx_HAL_Driver/Src/stm32f4xx_hal.o
 .debug_frame   0x00000b98      0x508 ./Drivers/STM32F4xx_HAL_Driver/Src/stm32f4xx_hal_cortex.o
 .debug_frame   0x000010a0      0x14c ./Drivers/STM32F4xx_HAL_Driver/Src/stm32f4xx_hal_gpio.o
 .debug_frame   0x000011ec      0xc84 ./Drivers/STM32F4xx_HAL_Driver/Src/stm32f4xx_hal_i2c.o
 .debug_frame   0x00001e70      0x1f4 ./Drivers/STM32F4xx_HAL_Driver/Src/stm32f4xx_hal_rcc.o
 .debug_frame   0x00002064      0x1e8 ./Drivers/STM32F4xx_HAL_Driver/Src/stm32f4xx_hal_rcc_ex.o
 .debug_frame   0x0000224c     0x11c0 ./Drivers/STM32F4xx_HAL_Driver/Src/stm32f4xx_hal_tim.o
 .debug_frame   0x0000340c      0x638 ./Drivers/STM32F4xx_HAL_Driver/Src/stm32f4xx_hal_tim_ex.o
 .debug_frame   0x00003a44       0x38 D:/CubeIDE/STM32CubeIDE_1.16.1/STM32CubeIDE/plugins/com.st.stm32cube.ide.mcu.externaltools.gnu-tools-for-stm32.12.3.rel1.win32_1.0.200.202406191623/tools/bin/../lib/gcc/arm-none-eabi/12.3.1/../../../../arm-none-eabi/lib/thumb/v7e-m+fp/hard\libc_nano.a(libc_a-itoa.o)
 .debug_frame   0x00003a7c       0x48 D:/CubeIDE/STM32CubeIDE_1.16.1/STM32CubeIDE/plugins/com.st.stm32cube.ide.mcu.externaltools.gnu-tools-for-stm32.12.3.rel1.win32_1.0.200.202406191623/tools/bin/../lib/gcc/arm-none-eabi/12.3.1/../../../../arm-none-eabi/lib/thumb/v7e-m+fp/hard\libc_nano.a(libc_a-utoa.o)
 .debug_frame   0x00003ac4       0x20 D:/CubeIDE/STM32CubeIDE_1.16.1/STM32CubeIDE/plugins/com.st.stm32cube.ide.mcu.externaltools.gnu-tools-for-stm32.12.3.rel1.win32_1.0.200.202406191623/tools/bin/../lib/gcc/arm-none-eabi/12.3.1/../../../../arm-none-eabi/lib/thumb/v7e-m+fp/hard\libc_nano.a(libc_a-memset.o)
 .debug_frame   0x00003ae4       0x2c D:/CubeIDE/STM32CubeIDE_1.16.1/STM32CubeIDE/plugins/com.st.stm32cube.ide.mcu.externaltools.gnu-tools-for-stm32.12.3.rel1.win32_1.0.200.202406191623/tools/bin/../lib/gcc/arm-none-eabi/12.3.1/../../../../arm-none-eabi/lib/thumb/v7e-m+fp/hard\libc_nano.a(libc_a-init.o)
 .debug_frame   0x00003b10       0x2c D:/CubeIDE/STM32CubeIDE_1.16.1/STM32CubeIDE/plugins/com.st.stm32cube.ide.mcu.externaltools.gnu-tools-for-stm32.12.3.rel1.win32_1.0.200.202406191623/tools/bin/../lib/gcc/arm-none-eabi/12.3.1/thumb/v7e-m+fp/hard\libgcc.a(_aeabi_uldivmod.o)
 .debug_frame   0x00003b3c       0x34 D:/CubeIDE/STM32CubeIDE_1.16.1/STM32CubeIDE/plugins/com.st.stm32cube.ide.mcu.externaltools.gnu-tools-for-stm32.12.3.rel1.win32_1.0.200.202406191623/tools/bin/../lib/gcc/arm-none-eabi/12.3.1/thumb/v7e-m+fp/hard\libgcc.a(_udivmoddi4.o)

.debug_line_str
                0x00000000       0x72
 .debug_line_str
                0x00000000       0x72 ./Core/Startup/startup_stm32f446retx.o
